
R version 3.5.1 (2018-07-02) -- "Feather Spray"
Copyright (C) 2018 The R Foundation for Statistical Computing
Platform: x86_64-redhat-linux-gnu (64-bit)

R is free software and comes with ABSOLUTELY NO WARRANTY.
You are welcome to redistribute it under certain conditions.
Type 'license()' or 'licence()' for distribution details.

  Natural language support but running in an English locale

R is a collaborative project with many contributors.
Type 'contributors()' for more information and
'citation()' on how to cite R or R packages in publications.

Type 'demo()' for some demos, 'help()' for on-line help, or
'help.start()' for an HTML browser interface to help.
Type 'q()' to quit R.


[38;5;11m     CHEAT SHEETS: [0m
source('~/Desktop/Packages/MiscUtils/RCheats.R') 

[38;5;11m     R INFORMATION: [0m
/usr/lib64/R/bin/exec/R -f Code/Make.R --restore --save --no-readline --no-save 
~/Rprofile.site 
wideScreen() 

[38;5;11m     USER INFORMATION: [0m
Jordan Adamson, 2018-11-06

> #-------------------------------------------------------------------
> ##################
> # Setup 
> ##################
> library(devtools)
> library(roxygen2)
> library(MiscUtils)

Attaching package: â€˜MiscUtilsâ€™

The following object is masked from â€˜package:baseâ€™:

    wideScreen

> 
>  
> pmdir <- path.expand("~/Desktop/Packages/")
> 
> #-------------------------------------------------------------------
> ##################
> # Make 
> ##################
> pack  <- "GradeR"
> pdir  <- paste0(path.expand("~/Desktop/Packages/"),pack,"/")
> packg <- paste0(pdir, pack)
> 
> Version <- numeric_version("0.1.2")
> 
> # Setup R Package
> source(paste0(pdir,"Code/PackageSetup.R") )
Creating package 'GradeR' in '/home/Jadamso2/Desktop/Packages/GradeR'

To cite package 'GradeR' in publications use:

  Jordan Adamson (2018). GradeR: Functions to make exams, plot grades,
  .... R package version 0.1.2.

A BibTeX entry for LaTeX users is

  @Manual{GradeR,
    title = {{GradeR}: Functions to make exams, plot grades, ...},
    author = {'Jordan Adamson'},
    year = {2018},
    month = {11},
    note = {R package version 0.1.2},
    url = { <https://github.com/Jadamso/GradeR>},
  }

Warning in warn_unless_current_dir(pkg) :
  `pkg` is not `.`, which is now unsupported.
  Please use `usethis::proj_set()` to set the project directory.
Error in usethis::use_mit_license(copyright_holder = copyright_holder) : 
  unused argument (copyright_holder = copyright_holder)
Calls: source -> withVisible -> eval -> eval -> <Anonymous>
In addition: Warning messages:
1: 'devtools::setup' is deprecated.
Use 'usethis::create_package()' instead.
See help("Deprecated") and help("devtools-deprecated"). 
2: 'create_description' is deprecated.
Use 'usethis::use_description()' instead.
See help("Deprecated") and help("devtools-deprecated"). 
3: 'devtools::use_mit_license' is deprecated.
Use 'usethis::use_mit_license()' instead.
See help("Deprecated") and help("devtools-deprecated"). 
Execution halted
